[     131ms] [INFO] %cDownload the React DevTools for a better development experience: https://reactjs.org/link/react-devtools font-weight:bold @ http://localhost:5173/node_modules/.vite/deps/chunk-OY5C42Z6.js?v=5e78e634:21608
[   26654ms] [ERROR] Warning: %s a style property during rerender (%s) when a conflicting property is set (%s) can lead to styling bugs. To avoid this, don't mix shorthand and non-shorthand properties for the same value; instead, replace the shorthand with separate values.%s Removing borderColor border 
    at input
    at div
    at Field (http://localhost:5173/src/pages/SignupPage.jsx:306:18)
    at form
    at div
    at div
    at div
    at AuthLayout (http://localhost:5173/src/components/layout/AuthLayout.jsx:17:38)
    at SignupPage (http://localhost:5173/src/pages/SignupPage.jsx:24:20)
    at RenderedRoute (http://localhost:5173/node_modules/.vite/deps/react-router-dom.js?v=289dc303:4131:5)
    at Routes (http://localhost:5173/node_modules/.vite/deps/react-router-dom.js?v=289dc303:4601:5)
    at Router (http://localhost:5173/node_modules/.vite/deps/react-router-dom.js?v=289dc303:4544:15)
    at BrowserRouter (http://localhost:5173/node_modules/.vite/deps/react-router-dom.js?v=289dc303:5290:5)
    at App @ http://localhost:5173/node_modules/.vite/deps/chunk-OY5C42Z6.js?v=5e78e634:520
[   26655ms] [ERROR] Warning: %s a style property during rerender (%s) when a conflicting property is set (%s) can lead to styling bugs. To avoid this, don't mix shorthand and non-shorthand properties for the same value; instead, replace the shorthand with separate values.%s Removing borderColor border 
    at input
    at div
    at Field (http://localhost:5173/src/pages/SignupPage.jsx:306:18)
    at form
    at div
    at div
    at div
    at AuthLayout (http://localhost:5173/src/components/layout/AuthLayout.jsx:17:38)
    at SignupPage (http://localhost:5173/src/pages/SignupPage.jsx:24:20)
    at RenderedRoute (http://localhost:5173/node_modules/.vite/deps/react-router-dom.js?v=289dc303:4131:5)
    at Routes (http://localhost:5173/node_modules/.vite/deps/react-router-dom.js?v=289dc303:4601:5)
    at Router (http://localhost:5173/node_modules/.vite/deps/react-router-dom.js?v=289dc303:4544:15)
    at BrowserRouter (http://localhost:5173/node_modules/.vite/deps/react-router-dom.js?v=289dc303:5290:5)
    at App @ http://localhost:5173/node_modules/.vite/deps/chunk-OY5C42Z6.js?v=5e78e634:520
[   26655ms] [ERROR] Warning: %s a style property during rerender (%s) when a conflicting property is set (%s) can lead to styling bugs. To avoid this, don't mix shorthand and non-shorthand properties for the same value; instead, replace the shorthand with separate values.%s Removing borderColor border 
    at input
    at div
    at div
    at Field (http://localhost:5173/src/pages/SignupPage.jsx:306:18)
    at form
    at div
    at div
    at div
    at AuthLayout (http://localhost:5173/src/components/layout/AuthLayout.jsx:17:38)
    at SignupPage (http://localhost:5173/src/pages/SignupPage.jsx:24:20)
    at RenderedRoute (http://localhost:5173/node_modules/.vite/deps/react-router-dom.js?v=289dc303:4131:5)
    at Routes (http://localhost:5173/node_modules/.vite/deps/react-router-dom.js?v=289dc303:4601:5)
    at Router (http://localhost:5173/node_modules/.vite/deps/react-router-dom.js?v=289dc303:4544:15)
    at BrowserRouter (http://localhost:5173/node_modules/.vite/deps/react-router-dom.js?v=289dc303:5290:5)
    at App @ http://localhost:5173/node_modules/.vite/deps/chunk-OY5C42Z6.js?v=5e78e634:520
[   26655ms] [ERROR] Warning: %s a style property during rerender (%s) when a conflicting property is set (%s) can lead to styling bugs. To avoid this, don't mix shorthand and non-shorthand properties for the same value; instead, replace the shorthand with separate values.%s Removing borderColor border 
    at input
    at div
    at div
    at Field (http://localhost:5173/src/pages/SignupPage.jsx:306:18)
    at form
    at div
    at div
    at div
    at AuthLayout (http://localhost:5173/src/components/layout/AuthLayout.jsx:17:38)
    at SignupPage (http://localhost:5173/src/pages/SignupPage.jsx:24:20)
    at RenderedRoute (http://localhost:5173/node_modules/.vite/deps/react-router-dom.js?v=289dc303:4131:5)
    at Routes (http://localhost:5173/node_modules/.vite/deps/react-router-dom.js?v=289dc303:4601:5)
    at Router (http://localhost:5173/node_modules/.vite/deps/react-router-dom.js?v=289dc303:4544:15)
    at BrowserRouter (http://localhost:5173/node_modules/.vite/deps/react-router-dom.js?v=289dc303:5290:5)
    at App @ http://localhost:5173/node_modules/.vite/deps/chunk-OY5C42Z6.js?v=5e78e634:520
